{
  "id": 21,
  "title": "テストタイトル",
  "body": "テスト本文",
  "createdAt": "2020-01-01T00:00:00+09:00",
  "category": {
    "id": 1,
    "name": "カテゴリ1"
  }
}
