{
  "errors": [
    {
      "code": "internal_server_error",
      "field": ""
    }
  ]
}
