{
  "categories": [
    {
      "id": 1,
      "name": "カテゴリ1"
    },
    {
      "id": 2,
      "name": "カテゴリ2"
    }
  ]
}
