{
  "message": "Unmarshal type error: expected=int, got=string, field=question.categoryId, offset=94"
}
