{
  "message": "Validation Error",
  "errors": [
    {
      "code": "required",
      "field": "Body"
    }
  ]
}
